scala 的 LinkedList操作


scala> var x=scala.collection.mutable.LinkedList(1)
warning: there was one deprecation warning; re-run with -deprecation for details
x: scala.collection.mutable.LinkedList[Int] = LinkedList(1)

scala> x:+2
warning: there was one deprecation warning; re-run with -deprecation for details
res0: scala.collection.mutable.LinkedList[Int] = LinkedList(1, 2)

scala> x:+3
warning: there was one deprecation warning; re-run with -deprecation for details
res1: scala.collection.mutable.LinkedList[Int] = LinkedList(1, 3)

scala> x:+3
warning: there was one deprecation warning; re-run with -deprecation for details
res2: scala.collection.mutable.LinkedList[Int] = LinkedList(1, 3)

scala> x=x:+3
warning: there was one deprecation warning; re-run with -deprecation for details
x: scala.collection.mutable.LinkedList[Int] = LinkedList(1, 3)

scala> x=x:+3
warning: there was one deprecation warning; re-run with -deprecation for details
x: scala.collection.mutable.LinkedList[Int] = LinkedList(1, 3, 3)

scala> x=x:+3
warning: there was one deprecation warning; re-run with -deprecation for details
x: scala.collection.mutable.LinkedList[Int] = LinkedList(1, 3, 3, 3)

scala> x=x:+3
warning: there was one deprecation warning; re-run with -deprecation for details
x: scala.collection.mutable.LinkedList[Int] = LinkedList(1, 3, 3, 3, 3)

scala> x=x:+3
warning: there was one deprecation warning; re-run with -deprecation for details
x: scala.collection.mutable.LinkedList[Int] = LinkedList(1, 3, 3, 3, 3, 3)

scala> x=x:+4
warning: there was one deprecation warning; re-run with -deprecation for details
x: scala.collection.mutable.LinkedList[Int] = LinkedList(1, 3, 3, 3, 3, 3, 4)

scala> var x1=scala.collection.mutable.LinkedList(1,2,3,4,5,6,7,8,9,0)
warning: there was one deprecation warning; re-run with -deprecation for details
x1: scala.collection.mutable.LinkedList[Int] = LinkedList(1, 2, 3, 4, 5, 6, 7, 8, 9, 0)

scala> x1.drop(2)
res3: scala.collection.mutable.LinkedList[Int] = LinkedList(3, 4, 5, 6, 7, 8, 9, 0)

scala> x1.drop(1)
res4: scala.collection.mutable.LinkedList[Int] = LinkedList(2, 3, 4, 5, 6, 7, 8, 9, 0)

scala> x1=x1.drop(1)
x1: scala.collection.mutable.LinkedList[Int] = LinkedList(2, 3, 4, 5, 6, 7, 8, 9, 0)

scala> x1=x1.drop(1)
x1: scala.collection.mutable.LinkedList[Int] = LinkedList(3, 4, 5, 6, 7, 8, 9, 0)

scala> x1=x1.drop(1)
x1: scala.collection.mutable.LinkedList[Int] = LinkedList(4, 5, 6, 7, 8, 9, 0)

scala> x1=x1.drop(1)
x1: scala.collection.mutable.LinkedList[Int] = LinkedList(5, 6, 7, 8, 9, 0)

scala> x1=x1.drop(1)
x1: scala.collection.mutable.LinkedList[Int] = LinkedList(6, 7, 8, 9, 0)

scala> x1=x1.drop(1)
x1: scala.collection.mutable.LinkedList[Int] = LinkedList(7, 8, 9, 0)

scala> x1=x1.drop(1)
x1: scala.collection.mutable.LinkedList[Int] = LinkedList(8, 9, 0)

scala> x1=x1.drop(1)
x1: scala.collection.mutable.LinkedList[Int] = LinkedList(9, 0)

scala> x1=x1.drop(1)
x1: scala.collection.mutable.LinkedList[Int] = LinkedList(0)

scala> x1=x1.drop(1)
x1: scala.collection.mutable.LinkedList[Int] = LinkedList()

scala> x1=x1.drop(1)
x1: scala.collection.mutable.LinkedList[Int] = LinkedList()

scala> x1=x1.drop(1)
x1: scala.collection.mutable.LinkedList[Int] = LinkedList()

scala> x1=x1.drop(1)
x1: scala.collection.mutable.LinkedList[Int] = LinkedList()

scala> x1=x1.drop(1)
x1: scala.collection.mutable.LinkedList[Int] = LinkedList()

scala> x1=x1:+1
warning: there was one deprecation warning; re-run with -deprecation for details
x1: scala.collection.mutable.LinkedList[Int] = LinkedList(1)

scala> x1=x1:+1
warning: there was one deprecation warning; re-run with -deprecation for details
x1: scala.collection.mutable.LinkedList[Int] = LinkedList(1, 1)

scala> x1=x1:+1
warning: there was one deprecation warning; re-run with -deprecation for details
x1: scala.collection.mutable.LinkedList[Int] = LinkedList(1, 1, 1)

scala> x1=x1:+1
warning: there was one deprecation warning; re-run with -deprecation for details
x1: scala.collection.mutable.LinkedList[Int] = LinkedList(1, 1, 1, 1)

scala> x1=x1:+1
warning: there was one deprecation warning; re-run with -deprecation for details
x1: scala.collection.mutable.LinkedList[Int] = LinkedList(1, 1, 1, 1, 1)

scala> x1=x1:+1
warning: there was one deprecation warning; re-run with -deprecation for details
x1: scala.collection.mutable.LinkedList[Int] = LinkedList(1, 1, 1, 1, 1, 1)

scala> x.dropwhile(_%!=0)
<console>:26: error: value dropwhile is not a member of scala.collection.mutable.LinkedList[Int]
       x.dropwhile(_%!=0)
         ^

scala> x.dropWhile(_%!=0)
<console>:26: error: value %!= is not a member of Int
       x.dropWhile(_%!=0)
                    ^

scala> x.dropWhile(_%2!=0)
res7: scala.collection.mutable.LinkedList[Int] = LinkedList(4)

scala> x
res8: scala.collection.mutable.LinkedList[Int] = LinkedList(1, 3, 3, 3, 3, 3, 4)

scala> x.dropWhile(_%2!=0)
res9: scala.collection.mutable.LinkedList[Int] = LinkedList(4)

scala> x
res10: scala.collection.mutable.LinkedList[Int] = LinkedList(1, 3, 3, 3, 3, 3, 4)

scala> x3=x.dropWhile(_%2!=0)
<console>:27: error: not found: value x3
val $ires32 = x3
              ^
<console>:25: error: not found: value x3
       x3=x.dropWhile(_%2!=0)
       ^

scala> var x3=x.dropWhile(_%2!=0)
x3: scala.collection.mutable.LinkedList[Int] = LinkedList(4)

scala> x3
res11: scala.collection.mutable.LinkedList[Int] = LinkedList(4)

scala> x3=x3:+4
warning: there was one deprecation warning; re-run with -deprecation for details
x3: scala.collection.mutable.LinkedList[Int] = LinkedList(4, 4)

scala> x3=x3:+4
warning: there was one deprecation warning; re-run with -deprecation for details
x3: scala.collection.mutable.LinkedList[Int] = LinkedList(4, 4, 4)

scala> x3=x3:+4
warning: there was one deprecation warning; re-run with -deprecation for details
x3: scala.collection.mutable.LinkedList[Int] = LinkedList(4, 4, 4, 4)

scala> x3=x3:+4
warning: there was one deprecation warning; re-run with -deprecation for details
x3: scala.collection.mutable.LinkedList[Int] = LinkedList(4, 4, 4, 4, 4)

scala> x3=x3:+4
warning: there was one deprecation warning; re-run with -deprecation for details
x3: scala.collection.mutable.LinkedList[Int] = LinkedList(4, 4, 4, 4, 4, 4)

scala> x3=x3:+4
warning: there was one deprecation warning; re-run with -deprecation for details
x3: scala.collection.mutable.LinkedList[Int] = LinkedList(4, 4, 4, 4, 4, 4, 4)

scala> var x3=x.dropWhile(_%2!=0)
x3: scala.collection.mutable.LinkedList[Int] = LinkedList(4)

scala> x3=x3:+1
warning: there was one deprecation warning; re-run with -deprecation for details
x3: scala.collection.mutable.LinkedList[Int] = LinkedList(4, 1)

scala> x3=x3:+1
warning: there was one deprecation warning; re-run with -deprecation for details
x3: scala.collection.mutable.LinkedList[Int] = LinkedList(4, 1, 1)

scala> x3=x3:+1
warning: there was one deprecation warning; re-run with -deprecation for details
x3: scala.collection.mutable.LinkedList[Int] = LinkedList(4, 1, 1, 1)

scala> x3=x3:+1
warning: there was one deprecation warning; re-run with -deprecation for details
x3: scala.collection.mutable.LinkedList[Int] = LinkedList(4, 1, 1, 1, 1)

scala> x3=x3:+1
warning: there was one deprecation warning; re-run with -deprecation for details
x3: scala.collection.mutable.LinkedList[Int] = LinkedList(4, 1, 1, 1, 1, 1)

scala> x3=x3:+1
warning: there was one deprecation warning; re-run with -deprecation for details
x3: scala.collection.mutable.LinkedList[Int] = LinkedList(4, 1, 1, 1, 1, 1, 1)

scala> x3=x3:+1
warning: there was one deprecation warning; re-run with -deprecation for details
x3: scala.collection.mutable.LinkedList[Int] = LinkedList(4, 1, 1, 1, 1, 1, 1, 1)

scala> x3=x3:+1
warning: there was one deprecation warning; re-run with -deprecation for details
x3: scala.collection.mutable.LinkedList[Int] = LinkedList(4, 1, 1, 1, 1, 1, 1, 1, 1)

scala> var x3=x3.dropWhile(_%2!=0)
<console>:25: error: recursive method x3 needs type
       var x3=x3.dropWhile(_%2!=0)
              ^

scala>  x3=x3.dropWhile(_%2!=0)
x3: scala.collection.mutable.LinkedList[Int] = LinkedList(4, 1, 1, 1, 1, 1, 1, 1, 1)

scala>  x3=x3.dropWhile(_%2!=0)
x3: scala.collection.mutable.LinkedList[Int] = LinkedList(4, 1, 1, 1, 1, 1, 1, 1, 1)

scala>  x3=x3.dropWhile(_%2!=0)
x3: scala.collection.mutable.LinkedList[Int] = LinkedList(4, 1, 1, 1, 1, 1, 1, 1, 1)

scala> x3=x3:+2
warning: there was one deprecation warning; re-run with -deprecation for details
x3: scala.collection.mutable.LinkedList[Int] = LinkedList(4, 1, 1, 1, 1, 1, 1, 1, 1, 2)

scala> x3=x3:+2
warning: there was one deprecation warning; re-run with -deprecation for details
x3: scala.collection.mutable.LinkedList[Int] = LinkedList(4, 1, 1, 1, 1, 1, 1, 1, 1, 2, 2)

scala>  x3=x3.dropWhile(_%2!=0)
x3: scala.collection.mutable.LinkedList[Int] = LinkedList(4, 1, 1, 1, 1, 1, 1, 1, 1, 2, 2)

scala>  x3=x3.dropWhile(_%2!=0)
x3: scala.collection.mutable.LinkedList[Int] = LinkedList(4, 1, 1, 1, 1, 1, 1, 1, 1, 2, 2)

scala>  x3=x3.dropWhile(_%2!=0)
x3: scala.collection.mutable.LinkedList[Int] = LinkedList(4, 1, 1, 1, 1, 1, 1, 1, 1, 2, 2)

scala>  x3=x3.dropWhile(_%2==0)
x3: scala.collection.mutable.LinkedList[Int] = LinkedList(1, 1, 1, 1, 1, 1, 1, 1, 2, 2)

scala>  x3=x3.dropWhile(_%2==0)
x3: scala.collection.mutable.LinkedList[Int] = LinkedList(1, 1, 1, 1, 1, 1, 1, 1, 2, 2)

scala>  x3=x3.dropWhile(_%2==0)
x3: scala.collection.mutable.LinkedList[Int] = LinkedList(1, 1, 1, 1, 1, 1, 1, 1, 2, 2)

scala>  x3=x3.dropWhile(_%2==0)
x3: scala.collection.mutable.LinkedList[Int] = LinkedList(1, 1, 1, 1, 1, 1, 1, 1, 2, 2)

scala>  x3=x3.dropWhile(_%2==0)
x3: scala.collection.mutable.LinkedList[Int] = LinkedList(1, 1, 1, 1, 1, 1, 1, 1, 2, 2)

scala>  x3=x3.dropWhile(_%2==0)
x3: scala.collection.mutable.LinkedList[Int] = LinkedList(1, 1, 1, 1, 1, 1, 1, 1, 2, 2)

scala>  x3=x3.dropWhile(_%2!=0)
x3: scala.collection.mutable.LinkedList[Int] = LinkedList(2, 2)

scala> x3=x3:+0
warning: there was one deprecation warning; re-run with -deprecation for details
x3: scala.collection.mutable.LinkedList[Int] = LinkedList(2, 2, 0)

scala> x3=x3:+0
warning: there was one deprecation warning; re-run with -deprecation for details
x3: scala.collection.mutable.LinkedList[Int] = LinkedList(2, 2, 0, 0)

scala> x3=x3:+0
warning: there was one deprecation warning; re-run with -deprecation for details
x3: scala.collection.mutable.LinkedList[Int] = LinkedList(2, 2, 0, 0, 0)

scala> x3=x3:+0
warning: there was one deprecation warning; re-run with -deprecation for details
x3: scala.collection.mutable.LinkedList[Int] = LinkedList(2, 2, 0, 0, 0, 0)

scala> x3=x3:+0
warning: there was one deprecation warning; re-run with -deprecation for details
x3: scala.collection.mutable.LinkedList[Int] = LinkedList(2, 2, 0, 0, 0, 0, 0)

scala> x3=x3:+0
warning: there was one deprecation warning; re-run with -deprecation for details
x3: scala.collection.mutable.LinkedList[Int] = LinkedList(2, 2, 0, 0, 0, 0, 0, 0)

scala> x3.exist(_==2)
<console>:26: error: value exist is not a member of scala.collection.mutable.LinkedList[Int]
       x3.exist(_==2)
          ^

scala> x3.exists(_==2)
res13: Boolean = true

scala> x3.exists(_==10)
res14: Boolean = false

scala> var x4=x3.filter(_%2==0)
x4: scala.collection.mutable.LinkedList[Int] = LinkedList(2, 2, 0, 0, 0, 0, 0, 0)

scala> x3=x3:+1
warning: there was one deprecation warning; re-run with -deprecation for details
x3: scala.collection.mutable.LinkedList[Int] = LinkedList(2, 2, 0, 0, 0, 0, 0, 0, 1)

scala> x3=x3:+1
warning: there was one deprecation warning; re-run with -deprecation for details
x3: scala.collection.mutable.LinkedList[Int] = LinkedList(2, 2, 0, 0, 0, 0, 0, 0, 1, 1)

scala> x3=x3:+1
warning: there was one deprecation warning; re-run with -deprecation for details
x3: scala.collection.mutable.LinkedList[Int] = LinkedList(2, 2, 0, 0, 0, 0, 0, 0, 1, 1, 1)

scala> x3=x3:+1
warning: there was one deprecation warning; re-run with -deprecation for details
x3: scala.collection.mutable.LinkedList[Int] = LinkedList(2, 2, 0, 0, 0, 0, 0, 0, 1, 1, 1, 1)

scala> x3=x3:+1
warning: there was one deprecation warning; re-run with -deprecation for details
x3: scala.collection.mutable.LinkedList[Int] = LinkedList(2, 2, 0, 0, 0, 0, 0, 0, 1, 1, 1, 1, 1)

scala> x3=x3:+1
warning: there was one deprecation warning; re-run with -deprecation for details
x3: scala.collection.mutable.LinkedList[Int] = LinkedList(2, 2, 0, 0, 0, 0, 0, 0, 1, 1, 1, 1, 1, 1)

scala>  x4=x3.filter(_%2==0)
x4: scala.collection.mutable.LinkedList[Int] = LinkedList(2, 2, 0, 0, 0, 0, 0, 0)

scala>


















































































